node.exe : npm warn Unknown user 
config "python". This will stop 
working in the next major version 
of npm.
No linha:1 caractere:1
+ & "C:\Program 
Files\nodejs/node.exe" "C:\Program 
Files\nodejs/node_mo ...
+ ~~~~~~~~~~~~~~~~~~~~~~~~~~~~~~~~~
~~~~~~~~~~~~~~~~~~~~~~~~~~~~~~~~~~~
~
    + CategoryInfo          : NotS 
   pecified: (npm warn Unknow...v  
  ersion of npm.:String) [], Rem   
 oteException
    + FullyQualifiedErrorId : Nati 
   veCommandError
 
npm warn Unknown user config "de". 
This will stop working in the next 
major version of npm.
npm warn Unknown user config 
"msvs_version". This will stop 
working in the next major version 
of npm.
npm warn Unknown global config 
"msvs_version". This will stop 
working in the next major version 
of npm.

> temp-next@0.1.0 build
> next build

Ôû▓ Next.js 16.1.6 (Turbopack)

  Creating an optimized production build ...
Ô£ô Compiled successfully in 1983.9ms
  Running TypeScript ...
Failed to compile.

./src/app/json-to-csv/page.tsx:172:
13
Type error: Type '{ spellcheck: 
boolean; value: string; onChange: 
(e: 
ChangeEvent<HTMLTextAreaElement, 
HTMLTextAreaElement>) => void; 
placeholder: string; className: 
string; }' is not assignable to 
type 'DetailedHTMLProps<TextareaHTM
LAttributes<HTMLTextAreaElement>, 
HTMLTextAreaElement>'.
  Property 'spellcheck' does not 
exist on type 'DetailedHTMLProps<Te
xtareaHTMLAttributes<HTMLTextAreaEl
ement>, HTMLTextAreaElement>'. Did 
you mean 'spellCheck'?

[0m [90m 170 |[39m           
[33m<[39m[33mlabel[39m 
className[33m=[39m[32m"block 
mb-2 font-semibold text-[#4a5568]"
[39m[33m>[39m[33mCole[39m seu 
c├│digo [33mJSON[39m abaixo[33m<
[39m[33m/[39m[33mlabel[39m[33
m>[39m
 [90m 171 |[39m           
[33m<[39m[33mtextarea[39m 
[31m[1m>[22m[39m[90m 172 
|[39m             spellcheck[33m=
[39m{[36mfalse[39m} 
 [90m     |[39m             
[31m[1m^[22m[39m
 [90m 173 |[39m             
value[33m=[39m{jsonText}
 [90m 174 |[39m             
onChange[33m=[39m{(e) 
[33m=>[39m {
 [90m 175 |[39m               set
JsonText(e[33m.[39mtarget[33m.[
39mvalue)[33m;[39m[0m
Next.js build worker exited with 
code: 1 and signal: null
